nohup: ignoring input

> @vitravel/admin@0.1.0 dev
> node scripts/print-dev-url.cjs && next dev --port 3100 --hostname 0.0.0.0


  → http://localhost:3100/
  (API → ADMIN_API_ORIGIN / NEXT_PUBLIC_API_BASE; host riêng admin.vitravel.dev)

   ▲ Next.js 15.5.22
   - Local:        http://localhost:3100
   - Network:      http://0.0.0.0:3100
   - Environments: .env.local

 ✓ Starting...
 ✓ Ready in 3.2s
 ○ Compiling / ...
 ✓ Compiled / in 8.2s (909 modules)
 GET / 200 in 10645ms
 ○ Compiling /login ...
 ✓ Compiled /login in 2.4s (1727 modules)
 GET /login?next=%2F 200 in 2568ms
 GET / 200 in 104ms
 GET / 200 in 59ms
 GET / 200 in 317ms
 ✓ Compiled in 1594ms (1727 modules)
 ✓ Compiled in 749ms (1727 modules)
 ✓ Compiled in 1036ms (1727 modules)
 ○ Compiling /tours/destinations ...
 ✓ Compiled /tours/destinations in 10.7s (1752 modules)
 GET /tours/destinations/ 200 in 12322ms
 GET /login/?next=%2Ftours%2Fdestinations%2F 200 in 1632ms
 GET /login/?next=%2Ftours%2Fdestinations%2F 200 in 396ms
